../Core/Src/freertos/ukbTasks.c:81:6:createTasks	8	static
../Core/Src/freertos/ukbTasks.c:116:6:BnoTaskInit	16	static
../Core/Src/freertos/ukbTasks.c:151:6:HAL_UARTEx_RxEventCallback	24	static,ignoring_inline_asm
../Core/Src/freertos/ukbTasks.c:177:6:GPSTaskInit	24	static
../Core/Src/freertos/ukbTasks.c:212:6:MsTaskInit	16	static
../Core/Src/freertos/ukbTasks.c:236:6:RsTaskInit	16	static
../Core/Src/freertos/ukbTasks.c:270:6:RsSendTaskInit	16	static
../Core/Src/freertos/ukbTasks.c:363:6:LoRaTaskInit	24	static
../Core/Src/freertos/ukbTasks.c:407:6:flightStatTaskInit	16	static
../Core/Src/freertos/ukbTasks.c:428:6:sdCardTaskInit	16	static
../Core/Src/freertos/ukbTasks.c:455:6:Restart_UART_DMA_RX	8	static
